src/screens/ProductDetailsScreen.tsx(17,5): error TS2305: Module '"lucide-react-native"' has no exported member 'Safety'.
